
  import { NgModule } from '@angular/core';
import { DialogModule } from '@ngneat/dialog';

  @NgModule({declarations: [], imports: [DialogModule.forRoot({
      sizes: {
        sm: {
          width: '300px',
          height: '250px'
        },
        // You can customize the default sizes
        // ...
      }
    })], bootstrap: [], })
  export class AppModule { }
