
  import { NgModule } from '@angular/core';
import { DialogModule } from '@ngneat/dialog';

  @NgModule({declarations: [], imports: [DialogModule.forRoot({
      sizes: {
        sm: {
          width: '300px',
          height: '250px'
        },
        md: {
          width: '600px',
          height: '250px'
        },
        lg: {
          width: '800px',
          height: '400px'
        }
      }
    })], bootstrap: [], })
  export class AppModule { }
